5 10 2
1 1 1
1 2 0
2 3 0
2 3 1
3 4 0
4 5 0
5 5 0
3 5 1
4 5 1
5 5 1
1 2
5 
