7 21 3
7 1 1
3 1 2
5 1 2
4 2 0
6 2 1
2 2 2
1 3 2
4 3 2
6 3 2
7 4 0
6 5 0
1 5 1
2 5 1
5 5 1
7 5 2
2 6 0
4 6 1
1 7 0
3 7 0
5 7 0
3 7 1
6
1
7 
