5 10 2
4 1 1
5 1 1
1 2 0
3 2 0
4 2 0
5 2 0
2 4 0
1 4 1
3 4 1
2 5 1
2
3
1 2 5 
