7 28 4
2 1 1
7 1 1
1 1 3
7 2 0
5 2 1
6 2 1
3 2 2
5 2 2
6 2 2
2 2 3
1 3 0
1 3 2
4 3 2
4 4 0
7 4 2
4 4 3
2 5 0
3 5 0
3 5 1
7 5 3
2 6 2
5 6 3
5 7 0
6 7 0
1 7 1
4 7 1
3 7 3
6 7 3
1
3
2 3 5 
