5 15 3
3 1 0
5 1 0
2 1 2
5 1 2
4 2 0
2 3 0
3 3 1
4 3 1
3 3 2
1 4 0
4 4 2
1 5 1
2 5 1
5 5 1
1 5 2
1
2
4 5 
