4 8 2
2 1 0
1 2 1
1 3 0
2 3 1
4 3 1
3 4 0
4 4 0
3 4 1
2
2
1 4 
