10 70 7
4 1 0
3 1 2
8 1 3
1 1 6
2 1 6
10 1 6
1 2 0
2 2 0
5 2 0
8 2 0
9 2 0
10 2 0
3 2 4
6 2 4
8 2 4
1 2 5
3 2 5
10 2 5
5 2 6
6 3 0
5 3 1
6 3 2
5 3 3
2 3 4
7 3 6
6 4 5
4 5 1
7 5 1
9 5 1
9 5 2
1 5 3
4 5 3
6 5 3
10 5 3
4 5 4
9 5 5
8 5 6
9 5 6
2 6 1
5 6 2
5 6 4
1 7 1
6 7 1
8 7 1
10 7 1
7 7 4
6 7 6
3 8 0
7 8 0
1 8 2
2 8 2
8 8 2
10 8 2
2 8 3
3 8 3
1 8 4
9 8 4
10 8 4
2 8 5
5 8 5
3 8 6
4 8 6
3 9 1
4 9 2
7 9 2
7 9 3
9 9 3
4 9 5
7 9 5
8 9 5
9
5
1 2 6 7 9 
