11 77 7
10 1 0
3 1 1
1 1 3
6 1 3
8 1 3
7 2 0
5 2 2
7 2 2
8 2 5
6 2 6
8 2 6
9 2 6
1 3 0
3 3 0
1 3 1
4 3 1
2 3 4
4 3 4
8 3 4
9 3 4
5 3 5
2 3 6
7 3 6
11 4 0
2 4 2
9 4 3
10 4 3
7 4 4
9 4 5
3 4 6
10 4 6
2 5 0
2 5 1
10 5 2
11 5 3
6 5 4
7 5 5
5 6 0
6 6 0
9 6 0
10 6 1
2 6 3
3 6 3
4 6 3
11 6 4
3 6 5
4 7 0
5 7 1
11 7 1
10 7 4
4 7 5
4 7 6
5 7 6
9 8 1
3 8 2
9 8 2
7 8 3
2 8 5
6 8 5
10 8 5
8 9 1
4 9 2
1 9 4
1 9 6
6 10 1
1 10 2
8 10 2
11 10 2
1 10 5
11 10 5
8 11 0
7 11 1
6 11 2
5 11 3
3 11 4
5 11 4
11 11 6
11
6
5 6 7 8 9 10 
