15 90 6
3 1 0
6 1 0
6 1 1
2 1 3
10 1 4
14 1 5
10 2 1
9 2 2
1 2 4
2 2 4
3 2 5
12 2 5
2 3 0
11 3 1
13 3 1
2 3 2
3 3 2
6 3 4
9 3 4
6 3 5
9 4 1
14 4 1
6 4 2
8 4 3
14 4 3
12 4 4
15 4 4
8 4 5
1 5 0
8 5 0
15 5 0
2 5 1
4 5 2
13 5 2
1 5 3
5 5 3
4 5 4
7 5 5
4 6 0
7 6 1
11 6 2
15 6 2
3 6 4
7 6 4
11 6 5
11 7 0
12 7 1
1 7 2
12 7 3
1 7 5
4 7 5
15 7 5
13 8 0
7 8 2
5 8 5
9 8 5
10 9 0
15 9 1
13 9 4
7 10 0
3 10 1
8 10 1
3 10 3
7 10 3
11 10 3
5 10 4
14 11 0
1 11 1
5 11 1
5 11 2
8 11 2
4 11 3
8 11 4
9 12 0
12 12 2
11 12 4
14 12 4
14 13 2
10 13 3
12 14 0
6 14 3
2 14 5
10 14 5
5 15 0
4 15 1
10 15 2
9 15 3
13 15 3
15 15 3
13 15 5
6
5
5 6 8 11 13 
