11 55 5
4 1 0
3 1 1
7 1 1
6 2 0
8 2 0
7 2 2
6 2 3
8 2 4
11 3 1
9 3 2
11 3 3
3 4 0
7 4 3
8 4 3
7 4 4
8 5 1
10 5 1
11 5 2
1 5 3
1 5 4
7 6 0
10 6 0
5 6 1
4 6 3
5 6 3
2 7 1
4 7 1
9 7 1
4 7 2
9 7 3
2 7 4
9 8 0
11 8 0
1 8 1
3 8 2
6 8 2
10 8 3
4 8 4
11 8 4
8 9 2
2 9 3
1 10 0
2 10 0
6 10 1
1 10 2
2 10 2
3 10 3
5 10 4
9 10 4
5 11 0
5 11 2
10 11 2
3 11 4
6 11 4
10 11 4
10
3
3 4 8 
