15 75 5
12 1 0
15 1 1
9 1 2
13 1 2
14 1 2
2 1 3
9 1 3
14 2 0
8 2 1
12 2 1
13 2 1
14 2 3
7 2 4
14 2 4
5 3 0
6 3 1
7 3 1
14 3 1
8 3 2
6 3 3
7 3 3
2 3 4
3 3 4
1 4 0
11 4 2
1 4 3
5 4 4
15 4 4
2 5 0
6 5 0
8 5 0
5 5 1
4 5 2
7 5 2
4 6 1
1 6 2
15 6 2
4 6 3
1 7 1
2 7 1
3 7 3
10 7 4
9 8 0
1 8 4
13 8 4
3 9 2
4 9 4
9 9 4
11 10 0
13 10 3
7 11 0
10 11 2
3 12 0
10 12 0
15 12 0
3 12 1
10 12 1
11 12 1
2 12 2
5 12 2
5 12 3
8 12 3
8 12 4
4 13 0
9 13 1
11 13 3
6 13 4
12 13 4
6 14 2
15 14 3
13 15 0
12 15 2
10 15 3
12 15 3
11 15 4
9
6
6 7 9 11 12 14 
